// Jest Snapshot v1, https://goo.gl/fbAQLP

exports[`Renders 1`] = `
<form>
  <div
    className="field is-horizontal"
    key="signatureTypes"
  >
    <div
      className="field-label is-normal"
    >
      <label
        className="label field-label"
        for="input-signatureTypes"
      >
        Signature Type
      </label>
    </div>
    <div
      className="field-body"
    >
      <div
        className="control"
        key="signatureTypes"
      >
        <div
          className="field is-narrow"
        >
          <div
            className="control"
          >
            <label
              className="radio"
              key="0"
            >
              <input
                checked={true}
                className="radioInput"
                id="telstraPurple"
                name="signatureTypeOpt"
                onChange={[Function]}
                type="radio"
              />
              Telstra Purple
            </label>
            <label
              className="radio"
              key="1"
            >
              <input
                checked={false}
                className="radioInput"
                id="telstraPurpleManagedServices"
                name="signatureTypeOpt"
                onChange={[Function]}
                type="radio"
              />
              Telstra Purple Managed Services
            </label>
            <label
              className="radio"
              key="2"
            >
              <input
                checked={false}
                className="radioInput"
                id="telstraPurpleEmea"
                name="signatureTypeOpt"
                onChange={[Function]}
                type="radio"
              />
              Telstra Purple EMEA
            </label>
          </div>
        </div>
      </div>
    </div>
  </div>
  <div
    className="field is-horizontal"
    key="name"
  >
    <div
      className="field-label is-normal"
    >
      <label
        className="label field-label"
        for="input-name"
      >
        Your Name
        <span
          style={
            Object {
              "color": "red",
            }
          }
          title="Required"
        >
          *
        </span>
      </label>
    </div>
    <div
      className="field-body"
    >
      <div
        className="control"
        key="name"
      >
        <input
          className="input"
          id="input-name"
          onChange={[Function]}
          placeholder="Your Name"
          style={
            Object {
              "width": "300px",
            }
          }
          type="text"
          value=""
        />
      </div>
    </div>
  </div>
  <div
    className="field is-horizontal"
    key="pronoun"
  >
    <div
      className="field-label is-normal"
    >
      <label
        className="label field-label"
        for="input-pronoun"
      >
        Preferred Pronoun
        <span
          style={
            Object {
              "color": "red",
            }
          }
          title="Required"
        >
          *
        </span>
      </label>
    </div>
    <div
      className="field-body"
    >
      <div
        className="control"
        key="pronoun"
      >
        <input
          className="input"
          id="input-pronoun"
          onChange={[Function]}
          placeholder="he/him | she/her | they/them"
          style={
            Object {
              "width": "300px",
            }
          }
          type="text"
          value=""
        />
      </div>
    </div>
  </div>
  <div
    className="field is-horizontal"
    key="title"
  >
    <div
      className="field-label is-normal"
    >
      <label
        className="label field-label"
        for="input-title"
      >
        Job Title or Team
      </label>
    </div>
    <div
      className="field-body"
    >
      <div
        className="control"
        key="title"
      >
        <input
          className="input"
          id="input-title"
          onChange={[Function]}
          placeholder="Job Title"
          style={
            Object {
              "width": "300px",
            }
          }
          type="text"
          value=""
        />
      </div>
    </div>
  </div>
  <div
    className="field is-horizontal"
    key="qualifications"
  >
    <div
      className="field-label is-normal"
    >
      <label
        className="label field-label"
        for="input-qualifications"
      >
        Qualifications
      </label>
    </div>
    <div
      className="field-body"
    >
      <div
        className="control"
        key="qualifications"
      >
        <input
          className="input"
          id="input-qualifications"
          onChange={[Function]}
          placeholder="Jedi Master | PSM I"
          style={
            Object {
              "width": "300px",
            }
          }
          type="text"
          value=""
        />
      </div>
    </div>
  </div>
  <div
    className="field is-horizontal"
    key="mobile"
  >
    <div
      className="field-label is-normal"
    >
      <label
        className="label field-label"
        for="input-mobile"
      >
        Mobile
        <span
          style={
            Object {
              "color": "red",
            }
          }
          title="Required"
        >
          *
        </span>
      </label>
    </div>
    <div
      className="field-body"
    >
      <div
        className="control"
        key="mobile"
      >
        <input
          className="input"
          id="input-mobile"
          onChange={[Function]}
          placeholder="+61 111 222 333"
          style={
            Object {
              "width": "300px",
            }
          }
          type="tel"
          value=""
        />
      </div>
    </div>
  </div>
  <div
    className="field is-horizontal"
    key="email"
  >
    <div
      className="field-label is-normal"
    >
      <label
        className="label field-label"
        for="input-email"
      >
        Email
        <span
          style={
            Object {
              "color": "red",
            }
          }
          title="Required"
        >
          *
        </span>
      </label>
    </div>
    <div
      className="field-body"
    >
      <div
        className="control"
        key="email"
      >
        <input
          className="input"
          id="input-email"
          onChange={[Function]}
          placeholder="your.name@purple.telstra.com"
          style={
            Object {
              "width": "300px",
            }
          }
          type="email"
          value=""
        />
      </div>
    </div>
  </div>
  <div
    className="field is-horizontal"
    key="twitter"
  >
    <div
      className="field-label is-normal"
    >
      <label
        className="label field-label"
        for="input-twitter"
      >
        Twitter
      </label>
    </div>
    <div
      className="field-body"
    >
      <div
        className="control"
        key="twitter"
      >
        <input
          className="input"
          id="input-twitter"
          onChange={[Function]}
          placeholder="myTwitterHandle"
          style={
            Object {
              "width": "300px",
            }
          }
          type="text"
          value=""
        />
      </div>
    </div>
  </div>
  <hr />
  <withProps(mapProps(SignatureContainer))
    email=""
    mobile=""
    name=""
    placeholders={
      Object {
        "email": "your.name@purple.telstra.com",
        "mobile": "+61 111 222 333",
        "name": "Your Name",
        "qualifications": "Jedi Master | PSM I",
        "supportEmail": "support@some.domain",
        "supportHotline": "1800 xyz xyz",
        "title": "Job Title",
        "twitter": "myTwitterHandle",
      }
    }
    qualifications=""
    sigType={false}
    signatureTypes={
      Array [
        Object {
          "checked": true,
          "text": "Telstra Purple",
          "type": "purple",
        },
        Object {
          "checked": false,
          "text": "Telstra Purple Managed Services",
          "type": "support",
        },
        Object {
          "checked": false,
          "text": "Telstra Purple EMEA",
          "type": "EMEA",
        },
      ]
    }
    title=""
    twitter=""
  />
</form>
`;
