// Jest Snapshot v1, https://goo.gl/fbAQLP

exports[`Renders 1`] = `
<div
  className="content"
>
  <table
    border="0"
    cellPadding="0"
    cellSpacing="0"
    style={
      Object {
        "color": "black",
        "fontFamily": "Arial, sans-serif",
        "fontSize": "9pt",
        "width": "500px",
      }
    }
  >
    <tr>
      <td
        valign="top"
      >
        <div
          style={
            Object {
              "height": "15px",
              "lineHeight": "15px",
            }
          }
        >
          Â 
        </div>
        <p>
          <b>
            your name
             (
            he/him | she/her | they/them
            )
          </b>
          <br />
          Telstra Purple
          <br />
          <span
            style={
              Object {
                "color": "#A5A5A5",
              }
            }
          >
            Job Title
          </span>
          <br />
          <span>
            Jedi Master | PSM I
            <br />
          </span>
        </p>
      </td>
      <td
        style={
          Object {
            "paddingRight": "20px",
            "width": "96px",
          }
        }
        valign="top"
      >
        <img
          alt="Telstra Purple"
          height="83"
          src="https://readifysignatures.blob.core.windows.net/images/purple-email-logo.png"
          style={
            Object {
              "height": "83px",
              "maxWidth": "none",
              "width": "83px",
            }
          }
          width="83"
        />
      </td>
    </tr>
    <tr>
      <td
        colSpan="2"
      >
        <table
          border="0"
          cellPadding="0"
          cellSpacing="0"
          style={
            Object {
              "color": "black",
              "fontFamily": "Arial, sans-serif",
              "fontSize": "9pt",
              "margin": 0,
              "padding": 0,
            }
          }
        >
          <tr>
            <td
              style={
                Object {
                  "padding": 0,
                  "width": "30px",
                }
              }
            >
              <b>
                M
              </b>
            </td>
            <td
              style={
                Object {
                  "padding": 0,
                }
              }
            >
              <a
                dangerouslySetInnerHTML={
                  Object {
                    "__html": "+61&nbsp;111&nbsp;222&nbsp;333",
                  }
                }
                href="tel:+61111222333"
                style={
                  Object {
                    "color": "#0E39FB",
                  }
                }
              />
            </td>
          </tr>
          <tr>
            <td
              style={
                Object {
                  "padding": 0,
                }
              }
            >
              <b>
                E
              </b>
            </td>
            <td
              style={
                Object {
                  "padding": 0,
                }
              }
            >
              <a
                href="mailto:your.name@telstra.purple.net"
                style={
                  Object {
                    "color": "#0E39FB",
                  }
                }
              >
                your.name@telstra.purple.net
              </a>
            </td>
          </tr>
          <tr>
            <td
              style={
                Object {
                  "padding": 0,
                }
              }
            >
              <b>
                T
              </b>
            </td>
            <td
              style={
                Object {
                  "padding": 0,
                }
              }
            >
              <a
                href="https://twitter.com/myTwitter"
                rel="noopener noreferrer"
                style={
                  Object {
                    "color": "#0E39FB",
                  }
                }
                target="_blank"
              >
                @
                myTwitter
              </a>
            </td>
          </tr>
          <tr>
            <td
              style={
                Object {
                  "padding": 0,
                }
              }
            >
              <b>
                W
              </b>
            </td>
            <td
              style={
                Object {
                  "padding": 0,
                }
              }
            >
              <a
                href="https://purple.telstra.com/"
                style={
                  Object {
                    "color": "#0E39FB",
                  }
                }
              >
                purple.telstra.com
              </a>
            </td>
          </tr>
        </table>
      </td>
    </tr>
    <tr>
      <td
        style={
          Object {
            "color": "#4a4a4a",
            "fontFamily": "Arial, sans-serif",
            "fontSize": "6.5pt",
            "lineHeight": "1.5",
          }
        }
      >
        This email may contain confidential information.
        <br />
        If I've sent it to you by accident, please delete it immediately.
      </td>
    </tr>
  </table>
</div>
`;
