// Jest Snapshot v1, https://goo.gl/fbAQLP

exports[`Renders 1`] = `
<div>
  <p
    style={
      Object {
        "color": "black",
        "fontFamily": "Arial, sans-serif",
        "fontSize": "9pt",
      }
    }
  >
    --
    <br />
    <b>
      your name
       | 
      Telstra Purple
       | 
      Job Title
    </b>
    <br />
    <b>
      M
    </b>
     
    <a
      dangerouslySetInnerHTML={
        Object {
          "__html": "+61&nbsp;111&nbsp;222&nbsp;333",
        }
      }
      href="tel:+61111222333"
      style={
        Object {
          "color": "#0E39FB",
        }
      }
    />
     
    | 
    <b>
      E
    </b>
     
    <a
      href="mailto:your.name@purple.telstra.com"
      style={
        Object {
          "color": "#0E39FB",
        }
      }
    >
      your.name@purple.telstra.com
    </a>
     
    |
     
    <span>
      <span>
        <b>
          T
        </b>
         
        <a
          href="https://twitter.com/myTwitter"
          rel="noopener noreferrer"
          style={
            Object {
              "color": "#0E39FB",
            }
          }
          target="_blank"
        >
          @
          myTwitter
        </a>
      </span>
       
      |
       
    </span>
    <b>
      W
    </b>
     
    <a
      href="https://purple.telstra.com/"
      style={
        Object {
          "color": "#0E39FB",
        }
      }
    >
      purple.telstra.com
    </a>
  </p>
  <div
    style={
      Object {
        "color": "#4a4a4a",
        "fontFamily": "Arial, sans-serif",
        "fontSize": "6.5pt",
        "lineHeight": "1.5",
      }
    }
  >
    This email may contain confidential information.
    <br />
    If you are not the intended recipient, please delete it immediately.
  </div>
</div>
`;
