// Jest Snapshot v1, https://goo.gl/fbAQLP

exports[`Renders 1`] = `
<div
  className="content"
>
  <table
    border="0"
    cellPadding="0"
    cellSpacing="0"
    style={
      Object {
        "color": "#3A576B",
        "fontFamily": "Ariel, sans-serif",
        "fontSize": "10.5px",
      }
    }
    width="100%"
  >
    <tr>
      <td
        valign="top"
      >
        <p
          style={
            Object {
              "color": "#333333",
              "fontSize": "12px",
              "lineHeight": "15px",
              "margin": "0",
            }
          }
        >
          <span
            style={
              Object {
                "color": "#3A576B",
                "fontWeight": "bold",
              }
            }
          >
            your name
          </span>
          <br />
          <span
            style={
              Object {
                "color": "#3A576B",
              }
            }
          >
            Job Title
          </span>
          <span>
            <br />
            Jedi Master | PSM I
          </span>
        </p>
      </td>
    </tr>
    <tr>
      <td
        valign="top"
      >
        <table
          border="0"
          cellPadding="0"
          cellSpacing="0"
          style={
            Object {
              "borderCollapse": "collapse",
              "borderSpacing": "0",
              "color": "#333333",
              "fontFamily": "Ariel, sans-serif",
              "fontSize": "12px",
              "fontWeight": "200",
              "margin": "0",
              "width": "initial",
            }
          }
        >
          <td
            style={
              Object {
                "fontWeight": "bold",
                "padding": "0 8px 0 0",
                "width": "16px",
              }
            }
          >
            <p
              style={
                Object {
                  "color": "#333333",
                  "fontSize": "12px",
                  "lineHeight": "15px",
                  "margin": "0",
                }
              }
            >
              P
            </p>
            <p
              style={
                Object {
                  "color": "#333333",
                  "fontSize": "12px",
                  "lineHeight": "15px",
                  "margin": "0",
                }
              }
            >
              M
            </p>
            <p
              style={
                Object {
                  "color": "#333333",
                  "fontSize": "12px",
                  "lineHeight": "15px",
                  "margin": "0",
                }
              }
            >
              E
            </p>
            <p
              style={
                Object {
                  "color": "#333333",
                  "fontSize": "12px",
                  "lineHeight": "15px",
                  "margin": "0",
                }
              }
            >
              T
            </p>
            <p
              style={
                Object {
                  "color": "#333333",
                  "fontSize": "12px",
                  "lineHeight": "15px",
                  "margin": "0",
                }
              }
            >
              W
            </p>
          </td>
          <td
            style={
              Object {
                "fontWeight": "bold",
                "padding": "0",
              }
            }
          >
            <p
              style={
                Object {
                  "color": "#333333",
                  "fontSize": "12px",
                  "lineHeight": "15px",
                  "margin": "0",
                }
              }
            >
              <a
                dangerouslySetInnerHTML={
                  Object {
                    "__html": "+61&nbsp;123&nbsp;456&nbsp;789",
                  }
                }
                href="tel:+61123456789"
                style={
                  Object {
                    "fontFamily": "Ariel, sans-serif",
                    "fontWeight": "200",
                  }
                }
              />
            </p>
            <p
              style={
                Object {
                  "color": "#333333",
                  "fontSize": "12px",
                  "lineHeight": "15px",
                  "margin": "0",
                }
              }
            >
              <a
                dangerouslySetInnerHTML={
                  Object {
                    "__html": "+61&nbsp;111&nbsp;222&nbsp;333",
                  }
                }
                href="tel:+61111222333"
                style={
                  Object {
                    "fontFamily": "Ariel, sans-serif",
                    "fontWeight": "200",
                  }
                }
              />
            </p>
            <p
              style={
                Object {
                  "color": "#333333",
                  "fontSize": "12px",
                  "lineHeight": "15px",
                  "margin": "0",
                }
              }
            >
              <a
                href="mailto:your.name@readify.net"
                style={
                  Object {
                    "fontFamily": "Ariel, sans-serif",
                    "fontWeight": "200",
                  }
                }
              >
                your.name@readify.net
              </a>
            </p>
            <p
              style={
                Object {
                  "color": "#333333",
                  "fontSize": "12px",
                  "lineHeight": "15px",
                  "margin": "0",
                }
              }
            >
              <a
                href="https://twitter.com/test"
                rel="noopener noreferrer"
                style={
                  Object {
                    "fontFamily": "Ariel, sans-serif",
                    "fontWeight": "200",
                  }
                }
                target="_blank"
              >
                @test
              </a>
            </p>
            <p
              style={
                Object {
                  "color": "#333333",
                  "fontSize": "12px",
                  "lineHeight": "15px",
                  "margin": "0",
                }
              }
            >
              <a
                href="https://www.telstra.com.au/business-enterprise"
                style={
                  Object {
                    "fontFamily": "Ariel, sans-serif",
                    "fontWeight": "200",
                  }
                }
              >
                www.telstra.com.au/business-enterprise
              </a>
            </p>
          </td>
        </table>
      </td>
    </tr>
    <tr>
      <td
        valign="top"
      >
        <p
          style={
            Object {
              "color": "#333333",
              "fontSize": "10px",
              "lineHeight": "11px",
              "margin": "0",
            }
          }
        >
          This email may contain confidential information.
          <br />
          If I've sent it to you by accident, please delete it immediately
        </p>
      </td>
    </tr>
    <br />
    <tr>
      <td
        style={
          Object {
            "padding": "0",
          }
        }
      >
        <table
          border="0"
          cellPadding="0"
          cellSpacing="0"
          style={
            Object {
              "borderCollapse": "collapse",
              "borderSpacing": "0",
              "color": "#333333",
              "fontFamily": "Ariel, sans-serif",
              "fontSize": "12px",
              "fontWeight": "200",
              "margin": "0",
              "width": "initial",
            }
          }
        >
          <td
            key="Readify"
            style={
              Object {
                "padding": "0 12px 0 0",
              }
            }
          >
            <a
              href="https://www.readify.net"
              rel="noopener noreferrer"
              style={
                Object {
                  "display": "inline-block",
                  "width": 38,
                }
              }
              target="_blank"
            >
              <img
                alt="Readify"
                src="https://readifysignatures.blob.core.windows.net/images/readify.png"
                width="38px"
              />
            </a>
          </td>
          <td
            key="Kloud"
            style={
              Object {
                "padding": "0 12px 0 0",
              }
            }
          >
            <a
              href="https://www.kloud.com.au"
              rel="noopener noreferrer"
              style={
                Object {
                  "display": "inline-block",
                  "width": 32,
                }
              }
              target="_blank"
            >
              <img
                alt="Kloud"
                src="https://readifysignatures.blob.core.windows.net/images/kloud.png"
                width="32px"
              />
            </a>
          </td>
          <td
            key="Telstra"
            style={
              Object {
                "padding": "0 18px 0 0",
              }
            }
          >
            <a
              href="https://www.telstra.com.au"
              rel="noopener noreferrer"
              style={
                Object {
                  "display": "inline-block",
                  "width": 24,
                }
              }
              target="_blank"
            >
              <img
                alt="Telstra"
                src="https://readifysignatures.blob.core.windows.net/images/telstra.png"
                width="24px"
              />
            </a>
          </td>
          <td
            style={
              Object {
                "borderLeft": "1px solid #3D5567",
                "padding": "0 0 0 12px",
              }
            }
          >
            <p
              style={
                Object {
                  "color": "#3A576B",
                  "fontFamily": "Ariel, sans-serif",
                  "fontSize": "11px",
                  "fontWeight": "bold",
                  "lineHeight": "14px",
                  "margin": "0",
                }
              }
            >
              Business Technology Services - Digital
              <br />
              Telstra Enterprise
            </p>
          </td>
        </table>
      </td>
    </tr>
  </table>
</div>
`;
